---
source: src/bin/flake-edit/tui/components/input/view.rs
expression: output
---
────────────────────────────────────────────────────────────────────────────────
❯ github:nixos/nixpkgs
────────────────────────────────────────────────────────────────────────────────
 Add  Enter URI                                           Diff: On   flake-edit
