---
source: src/tui/components/input/view.rs
expression: output
---
────────────────────────────────────────────────────────────────────────────────
❯ Type here...
────────────────────────────────────────────────────────────────────────────────
 Add  Enter URI                                          Diff: Off   flake-edit
