---
source: tests/cli.rs
assertion_line: 114
info:
  program: flake-edit
  args:
    - "--flake"
    - /home/kenji/dev/flake-edit/tests/fixtures/one_level_nesting_flat.flake.nix
    - "--diff"
    - rm
    - nixpkgs
  env:
    NO_COLOR: "1"
---
success: true
exit_code: 0
----- stdout -----
--- original
+++ modified
@@ -2,7 +2,6 @@
   description = "Edit your flake inputs with ease";

   inputs = {
-    nixpkgs.url = "github:nixos/nixpkgs/nixos-unstable";
     flake-utelinos.url = "github:numtide/flake-utils";
     rust-overlay.url = "github:oxalica/rust-overlay";
     rust-overlay.inputs.nixpkgs.follows = "nixpkgs";
@@ -16,7 +15,6 @@
   outputs =
     {
       self,
-      nixpkgs,
       flake-utils,
       flake-utelinos,
       rust-overlay,
@@ -23,4 +21,4 @@
       crane,
     }:
     { };
-}
+}
\ No newline at end of file

----- stderr -----
