---
source: tests/cli.rs
info:
  program: flake-edit
  args:
    - "--flake"
    - "[FIXTURES]/root.flake.nix"
    - "--diff"
    - add-follow
    - nonexistent.nixpkgs
    - nixpkgs
  env:
    NO_COLOR: "1"
---
success: false
exit_code: 1
----- stdout -----

----- stderr -----
Error: 
   0: Input 'nonexistent' not found in the flake.

      To add it:
        flake-edit add nonexistent <flakeref>

      To see all current inputs: flake-edit list
