---
source: tests/cli.rs
info:
  program: flake-edit
  args:
    - "--flake"
    - "[FIXTURES]/centerpiece.flake.nix"
    - "--diff"
    - follow
    - treefmt-nix.nixpkgs
    - nixpkgs
  env:
    NO_COLOR: "1"
---
success: true
exit_code: 0
----- stdout -----
--- original
+++ modified
@@ -5,6 +5,7 @@
     nixpkgs.url = "github:NixOS/nixpkgs/nixpkgs-unstable";
     home-manager.url = "github:nix-community/home-manager";
     treefmt-nix.url = "github:numtide/treefmt-nix";
+    treefmt-nix.inputs.nixpkgs.follows = "nixpkgs";
     crane.url = "github:ipetkov/crane";
   };


----- stderr -----
