---
source: tests/cli.rs
assertion_line: 405
info:
  program: flake-edit
  args:
    - "--flake"
    - "[FIXTURES]/existing_follows_flat.flake.nix"
    - "--diff"
    - add-follow
    - naersk.nixpkgs
    - nixpkgs
  env:
    NO_COLOR: "1"
---
success: true
exit_code: 0
----- stdout -----
Already follows: naersk.inputs.nixpkgs.follows = "nixpkgs"

----- stderr -----
