---
source: tests/cli.rs
info:
  program: flake-edit
  args:
    - "--flake"
    - "[FIXTURES]/root.flake.nix"
    - "--diff"
    - add
    - "github:mic92/vmsh"
  env:
    NO_COLOR: "1"
---
success: true
exit_code: 0
----- stdout -----
--- original
+++ modified
@@ -17,6 +17,7 @@
       inputs.rust-overlay.follows = "rust-overlay";
       inputs.flake-utils.follows = "flake-utils";
     };
+    vmsh.url = "github:mic92/vmsh";
   };

   outputs = _: { };

----- stderr -----
