---
source: tests/cli.rs
assertion_line: 127
info:
  program: flake-edit
  args:
    - "--flake"
    - /home/kenji/dev/flake-edit/tests/fixtures/flat_nested_flat.flake.nix
    - "--diff"
    - rm
    - nixpkgs
  env:
    NO_COLOR: "1"
---
success: true
exit_code: 0
----- stdout -----
--- original
+++ modified
@@ -1,7 +1,5 @@
 {
   description = "flat nested flat test";
-
-  inputs.nixpkgs.url = "github:NixOS/nixpkgs/nixos-unstable";
   inputs.flake-utils.url = "github:numtide/flake-utils/master";
   inputs.poetry2nix = {
     inputs.flake-utils.follows = "flake-utils";
@@ -12,9 +10,8 @@
   outputs =
     {
       self,
-      nixpkgs,
       flake-utils,
       poetry2nix,
     }:
     { };
-}
+}
\ No newline at end of file

----- stderr -----
