---
source: tests/cli.rs
info:
  program: flake-edit
  args:
    - "--flake"
    - "[FIXTURES]/treefmt_transitive.flake.nix"
    - "--lock-file"
    - "[FIXTURES]/treefmt_transitive.flake.lock"
    - "--config"
    - "[FIXTURES]/transitive.config.toml"
    - "--diff"
    - follow
  env:
    NO_COLOR: "1"
---
success: true
exit_code: 0
----- stdout -----
--- original
+++ modified
@@ -3,7 +3,11 @@

   inputs = {
     treefmt-nix.url = "github:numtide/treefmt-nix";
+    treefmt-nix.inputs.nixpkgs.follows = "nixpkgs";
     treefmt.url = "github:numtide/treefmt";
+    treefmt.inputs.treefmt-nix.follows = "treefmt-nix";
+    treefmt.inputs.nixpkgs.follows = "nixpkgs";
+    nixpkgs.url = "github:nixos/nixpkgs/nixos-unstable";
   };

   outputs =
@@ -11,6 +15,7 @@
       self,
       treefmt-nix,
       treefmt,
+      nixpkgs,
     }:
     { };
 }

----- stderr -----
warning: stale-lock follows at line 6, column 19: treefmt.treefmt-nix -> treefmt-nix (flake.lock resolves to <none>; run `nix flake lock`)
warning: stale-lock follows at line 6, column 19: treefmt.nixpkgs -> nixpkgs (flake.lock resolves to <none>; run `nix flake lock`)
