---
source: tests/cli.rs
info:
  program: flake-edit
  args:
    - "--flake"
    - /tmp/too/flake-edit/tests/fixtures/completely_flat_toplevel.flake.nix
    - "--diff"
    - rm
    - nixpkgs
  env:
    NO_COLOR: "1"
---
success: true
exit_code: 0
----- stdout -----
--- original
+++ modified
@@ -1,15 +1,11 @@
 {
   description = "Edit your flake inputs with ease";
-
-  inputs.nixpkgs.url = "github:nixos/nixpkgs/nixos-unstable";
   inputs.flake-utelinos.url = "github:numtide/flake-utils";
   inputs.rust-overlay.url = "github:oxalica/rust-overlay";
-  inputs.rust-overlay.inputs.nixpkgs.follows = "nixpkgs";
   inputs.rust-overlay.inputs.flake-utils.follows = "flake-utils";
   inputs.crane.url = "github:ipetkov/crane";
-  inputs.crane.inputs.nixpkgs.follows = "nixpkgs";
   inputs.crane.inputs.rust-overlay.follows = "rust-overlay";
   inputs.crane.inputs.flake-utils.follows = "flake-utils";

   outputs = _: { };
-}
+}
\ No newline at end of file

----- stderr -----
