---
source: tests/cli.rs
info:
  program: flake-edit
  args:
    - "--flake"
    - "[FIXTURES]/root.flake.nix"
    - "--diff"
    - add
    - "github:mic92/vmsh"
  env:
    NO_COLOR: "1"
---
success: true
exit_code: 0
----- stdout -----
--- original
+++ modified
@@ -2,6 +2,7 @@
   description = "Manage your flake inputs comfortably.";

   inputs = {
+    vmsh.url = "github:mic92/vmsh";
     nixpkgs.url = "github:nixos/nixpkgs/nixos-unstable";

     flake-utelinos.url = "github:numtide/flake-utils";

----- stderr -----
