---
source: tests/cli.rs
assertion_line: 30
info:
  program: flake-edit
  args:
    - "--flake"
    - /home/kenji/dev/flake-edit/tests/fixtures/first_nested_node.flake.nix
    - list
  env:
    NO_COLOR: "1"
---
success: true
exit_code: 0
----- stdout -----
· flake-compat - "github:edolstra/flake-compat"
· naersk - "github:nix-community/naersk/master"
     nixpkgs => "nixpkgs"
· nixpkgs - "github:NixOS/nixpkgs/nixpkgs-unstable"
· utils - "github:numtide/flake-utils"

----- stderr -----
