---
source: tests/cli.rs
info:
  program: flake-edit
  args:
    - "--flake"
    - "[FIXTURES]/first_nested_node.flake.nix"
    - "--diff"
    - add
    - vmsh
    - "github:mic92/vmsh"
  env:
    NO_COLOR: "1"
---
success: true
exit_code: 0
----- stdout -----
--- original
+++ modified
@@ -2,6 +2,7 @@
   description = "test file";

   inputs = {
+    vmsh.url = "github:mic92/vmsh";
     naersk = {
       url = "github:nix-community/naersk/master";
       inputs.nixpkgs.follows = "nixpkgs";
@@ -21,6 +22,7 @@
       utils,
       naersk,
       flake-compat,
+      vmsh,
     }:
     { };
-}
+}
\ No newline at end of file

----- stderr -----
