---
source: tests/cli.rs
expression: root_result
---
{
  description = "test file with multiple nested nixpkgs inputs";

  inputs = {
    nixpkgs.url = "github:NixOS/nixpkgs/nixpkgs-unstable";
    home-manager.url = "github:nix-community/home-manager";
    home-manager.inputs.nixpkgs.follows = "nixpkgs";
    treefmt-nix.url = "github:numtide/treefmt-nix";
    treefmt-nix.inputs.nixpkgs.follows = "nixpkgs";
    crane.url = "github:ipetkov/crane";
  };

  outputs =
    {
      self,
      nixpkgs,
      home-manager,
      treefmt-nix,
      crane,
    }:
    { };
}
