---
source: tests/cli.rs
info:
  program: flake-edit
  args:
    - "--flake"
    - "[FIXTURES]/root_alt.flake.nix"
    - "--diff"
    - rm
    - nixpkgs
  env:
    NO_COLOR: "1"
---
success: true
exit_code: 0
----- stdout -----
--- original
+++ modified
@@ -2,7 +2,6 @@
   description = "Manage your flake inputs comfortably.";

   inputs = {
-    nixpkgs.url = "github:nixos/nixpkgs/nixos-unstable";

     flake-utelinos.url = "github:numtide/flake-utils";

@@ -9,7 +8,6 @@
     rust-overlay = {
       url = "github:oxalica/rust-overlay";
       inputs = {
-        nixpkgs.follows = "nixpkgs";
         flake-utils.follows = "flake-utils";
       };
     };
@@ -16,7 +14,6 @@
     crane = {
       url = "github:ipetkov/crane";
       inputs = {
-        nixpkgs.follows = "nixpkgs";
         rust-overlay.follows = "rust-overlay";
         flake-utils.follows = "flake-utils";
       };

----- stderr -----
