---
source: tests/cli.rs
info:
  program: flake-edit
  args:
    - "--flake"
    - "[FIXTURES]/existing_follows_nested.flake.nix"
    - "--diff"
    - add-follow
    - devenv.nixpkgs
    - nixpkgs
  env:
    NO_COLOR: "1"
---
success: true
exit_code: 0
----- stdout -----
Already follows: devenv.inputs.nixpkgs.follows = "nixpkgs"

----- stderr -----
