---
source: tests/cli.rs
info:
  program: flake-edit
  args:
    - "--flake"
    - "[FIXTURES]/root.flake.nix"
    - "--diff"
    - rm
    - nonexistent-input
  env:
    NO_COLOR: "1"
---
success: false
exit_code: 1
----- stdout -----

----- stderr -----
Error: 
   0: The input with id: nonexistent-input could not be removed.

Location:
   src/bin/flake-edit/main.rs:<LINE>

Suggestion: 
Please check if an input with that [ID] exists in the flake.nix file.
Run `flake-edit list --format simple` to see the current inputs by their id.

Backtrace omitted. Run with RUST_BACKTRACE=1 environment variable to display it.
Run with RUST_BACKTRACE=full to include source snippets.
