---
source: tests/cli.rs
info:
  program: flake-edit
  args:
    - "--flake"
    - "[FIXTURES]/root.flake.nix"
    - list
    - "--format"
    - simple
  env:
    NO_COLOR: "1"
---
success: true
exit_code: 0
----- stdout -----
crane
crane.flake-utils
crane.nixpkgs
crane.rust-overlay
flake-utils
nixpkgs
rust-overlay
rust-overlay.flake-utils
rust-overlay.nixpkgs

----- stderr -----
