---
source: tests/cli.rs
assertion_line: 114
info:
  program: flake-edit
  args:
    - "--flake"
    - /home/kenji/dev/flake-edit/tests/fixtures/root.flake.nix
    - "--diff"
    - rm
    - crane
  env:
    NO_COLOR: "1"
---
success: true
exit_code: 0
----- stdout -----
--- original
+++ modified
@@ -11,12 +11,6 @@
       inputs.nixpkgs.follows = "nixpkgs";
       inputs.flake-utils.follows = "flake-utils";
     };
-    crane = {
-      url = "github:ipetkov/crane";
-      inputs.nixpkgs.follows = "nixpkgs";
-      inputs.rust-overlay.follows = "rust-overlay";
-      inputs.flake-utils.follows = "flake-utils";
-    };
   };

   outputs = _: { };

----- stderr -----
