---
source: tests/edit.rs
expression: "ListOutput::from(flake_edit.list())"
info:
  flake_nix: ""
  changes: []
---
inputs:
  extra:
    id: extra
    url: "github:foo/extra"
    flake: true
  flake-utils:
    id: flake-utils
    url: "github:numtide/flake-utils"
    flake: true
  nixpkgs:
    id: nixpkgs
    url: "github:NixOS/nixpkgs/nixos-unstable"
    flake: true
follows:
  - parent: extra
    nested: nixpkgs
    target: nixpkgs
    kind: indirect
