---
source: tests/edit.rs
expression: flake_edit.apply_change(change).unwrap().unwrap()
info:
  flake_nix: ""
  changes:
    - Toggle:
        id: rust-overlay
---
{
  description = "Test toggle functionality";

  inputs = {
    nixpkgs.url = "github:nixos/nixpkgs/nixos-unstable";
    rust-overlay.url = "github:a-kenji/rust-overlay";
    # rust-overlay.url = "github:oxalica/rust-overlay";
    # rust-overlay.inputs.nixpkgs.follows = "nixpkgs";
    flake-parts.url = "github:hercules-ci/flake-parts";
  };

  outputs = args: import ./nix args;
}
