---
source: tests/edit.rs
expression: result.to_string()
info:
  flake_nix: ""
  changes:
    - Remove:
        ids:
          - crane
---
{
  description = "Manage your flake inputs comfortably.";

  inputs = {
    nixpkgs.url = "github:nixos/nixpkgs/nixos-unstable";

    flake-utils.url = "github:numtide/flake-utils";

    rust-overlay = {
      url = "github:oxalica/rust-overlay";
      inputs.nixpkgs.follows = "nixpkgs";
      inputs.flake-utils.follows = "flake-utils";
    };
  };

  outputs = _: { };
}
