---
source: tests/edit.rs
expression: flake_edit.apply_change(change).unwrap().unwrap()
info:
  flake_nix: ""
  changes:
    - Change:
        id: nixpkgs
        uri: "github:nixos/nixpkgs/nixos-24.05"
        ref_or_rev: ~
---
{
  description = "Edit your flake inputs with ease";

  inputs.nixpkgs.url = "github:nixos/nixpkgs/nixos-24.05";
  inputs.flake-utelinos.url = "github:numtide/flake-utils";
  inputs.rust-overlay.url = "github:oxalica/rust-overlay";
  inputs.rust-overlay.inputs.nixpkgs.follows = "nixpkgs";
  inputs.rust-overlay.inputs.flake-utils.follows = "flake-utils";
  inputs.crane.url = "github:ipetkov/crane";
  inputs.crane.inputs.nixpkgs.follows = "nixpkgs";
  inputs.crane.inputs.rust-overlay.follows = "rust-overlay";
  inputs.crane.inputs.flake-utils.follows = "flake-utils";

  outputs = _: { };
}
