---
source: tests/edit.rs
expression: flake_edit.apply_change(change).unwrap().unwrap()
info:
  flake_nix: ""
  changes: []
---
{
  description = "Edit your flake inputs with ease";

  inputs = {
    nixpkgs.url = "github:nixos/nixpkgs/nixos-unstable";
    flake-utelinos.url = "github:numtide/flake-utils";
    crane.url = "github:ipetkov/crane";
    crane.inputs.nixpkgs.follows = "nixpkgs";
    crane.inputs.rust-overlay.follows = "rust-overlay";
    crane.inputs.flake-utils.follows = "flake-utils";
  };

  outputs = {
    self,
    nixpkgs,
    flake-utils,
    flake-utelinos,
    rust-overlay,
    crane,
  }: {};
}
