---
source: tests/edit.rs
expression: result
info:
  flake_nix: ""
  changes:
    - Add:
        id: vmsh
        uri: "github:mic92/vmsh"
        flake: true
---
{
  description = "oxalica rust-overlay style";

  inputs = {
    nixpkgs.url = "github:NixOS/nixpkgs/nixpkgs-unstable";
    vmsh.url = "github:mic92/vmsh";
  };

  outputs =
    { self, nixpkgs, vmsh }@inputs:
    { };
}
