---
source: tests/edit.rs
expression: "ListOutput::from(flake_edit.list())"
info:
  flake_nix: ""
  changes: []
---
inputs:
  home-manager:
    id: home-manager
    url: "github:nix-community/home-manager"
    flake: true
  nixpkgs:
    id: nixpkgs
    url: "github:NixOS/nixpkgs/nixos-unstable"
    flake: true
  plugin-a:
    id: plugin-a
    url: "github:foo/plugin-a/v2.0"
    flake: true
  plugin-b:
    id: plugin-b
    url: "github:foo/plugin-b/v1.8.2"
    flake: true
follows:
  - parent: home-manager
    nested: nixpkgs
    target: nixpkgs
    kind: indirect
