---
source: tests/edit.rs
expression: flake_edit.list()
info:
  flake_nix: ""
  changes:
    - Remove:
        id: utils
---
flake-compat:
  id: flake-compat
  flake: true
  url: "\"github:edolstra/flake-compat\""
  follows: []
  range:
    start: 251
    end: 281
naersk:
  id: naersk
  flake: true
  url: "\"github:nix-community/naersk/master\""
  follows:
    - Indirect:
        - nixpkgs
        - "\"nixpkgs\""
  range:
    start: 72
    end: 108
nixpkgs:
  id: nixpkgs
  flake: true
  url: "\"github:NixOS/nixpkgs/nixpkgs-unstable\""
  follows: []
  range:
    start: 177
    end: 216
