---
source: tests/edit.rs
expression: result
info:
  flake_nix: ""
  changes:
    - Add:
        id: vmsh
        uri: "github:mic92/vmsh"
        flake: true
---
{
  inputs = {
    flake-parts.url = "github:hercules-ci/flake-parts";
    nixpkgs.url = "github:NixOS/nixpkgs/nixpkgs-unstable";
    vmsh.url = "github:mic92/vmsh";
  };

  outputs = (
    inputs@{ flake-parts, self, ... }:
    flake-parts.lib.mkFlake { inherit inputs; } {
      systems = [ "x86_64-linux" ];
    }
  );
}
