---
source: tests/tui.rs
description: "add → type 'git' → Down → Down → Down"
expression: "snapshot(&mut terminal, session.app())"
---
Buffer {
    area: Rect { x: 0, y: 0, width: 80, height: 4 },
    content: [
        "────────────────────────────────────────────────────────────────────────────────",
        "❯ git                                                                           ",
        "── git+https://  ───────────────────────────────────────────────────────────────",
        " A git+ssh://     URI                                    Diff: Off   flake-edit ",
    ],
    styles: [
        x: 0, y: 0, fg: DarkGray, bg: Reset, underline: Reset, modifier: NONE,
        x: 0, y: 1, fg: Reset, bg: Reset, underline: Reset, modifier: NONE,
        x: 0, y: 2, fg: DarkGray, bg: Reset, underline: Reset, modifier: NONE,
        x: 2, y: 2, fg: Gray, bg: Rgb(40, 40, 40), underline: Reset, modifier: NONE,
        x: 3, y: 2, fg: Cyan, bg: Rgb(40, 40, 40), underline: Reset, modifier: NONE,
        x: 6, y: 2, fg: Gray, bg: Rgb(40, 40, 40), underline: Reset, modifier: NONE,
        x: 17, y: 2, fg: DarkGray, bg: Reset, underline: Reset, modifier: NONE,
        x: 0, y: 3, fg: White, bg: DarkGray, underline: Reset, modifier: BOLD,
        x: 2, y: 3, fg: Cyan, bg: Rgb(40, 40, 40), underline: Reset, modifier: BOLD,
        x: 17, y: 3, fg: Gray, bg: Rgb(40, 40, 40), underline: Reset, modifier: NONE,
        x: 56, y: 3, fg: White, bg: DarkGray, underline: Reset, modifier: BOLD,
        x: 67, y: 3, fg: Gray, bg: Rgb(40, 40, 40), underline: Reset, modifier: NONE,
        x: 68, y: 3, fg: White, bg: DarkGray, underline: Reset, modifier: BOLD,
    ]
}
