---
source: tests/walker.rs
expression: "ListOutput::from(&walker.inputs)"
info:
  flake_nix: ""
  changes: []
---
inputs:
  disko:
    id: disko
    url: "github:nix-community/disko"
    flake: true
  nixpkgs:
    id: nixpkgs
    url: "github:nixos/nixpkgs/nixos-unstable"
    flake: true
follows:
  - parent: disko
    nested: nixpkgs
    target: nixpkgs
    kind: indirect
