---
source: src/tui/components/list/view.rs
expression: output
---
────────────────────────────────────────────────────────────────────────────────
>> [x] flake-fmt




────────────────────────────────────────────────────────────────────────────────
 Update  /fl (2 selected)                                Diff: Off   flake-edit
