---
source: src/tui/components/list/view.rs
expression: output
---
────────────────────────────────────────────────────────────────────────────────
   nixpkgs
>> home-manager



────────────────────────────────────────────────────────────────────────────────
 Change  Select input                                     Diff: On   flake-edit
