---
source: src/tui/components/list/view.rs
expression: output
---
────────────────────────────────────────────────────────────────────────────────





────────────────────────────────────────────────────────────────────────────────
 Change  /zzz                                            Diff: Off   flake-edit
