---
source: src/tui/components/list/view.rs
expression: output
---
────────────────────────────────────────────────────────────────────────────────
>> flake-fmt




────────────────────────────────────────────────────────────────────────────────
 Change  /fl                                             Diff: Off   flake-edit
